09/10/11 10:20:15 PM :: 107.3.151.150
/new-framework/customer/home : customer does exist for user: 3
09/10/11 10:20:53 PM :: 107.3.151.150
/new-framework/customer/home : customer does exist for user: 3
09/10/11 10:21:14 PM :: 107.3.151.150
/new-framework/customer/home : customer does exist for user: 3
09/11/11 09:37:45 PM :: 107.3.151.150
/new-framework/action/customer/enrollment/select-a-season?camper-index=0&season_id=3&lv2-token=5fe9319c6679be97695b1ac89ab6af5b : /new-framework/action/customer/enrollment/select-a-season?camper-index=0&season_id=3&lv2-token=5fe9319c6679be97695b1ac89ab6af5b :: validate failed: index: 0, check: min, value: 
09/14/11 02:26:19 PM :: 208.74.177.139
/new-framework/action/customer/enrollment/select-a-season?camper-index=&season_id=3&lv2-token=e0ef82dcca23a6c34ad49cd1829577e20d029d62 : /new-framework/action/customer/enrollment/select-a-season?camper-index=&season_id=3&lv2-token=e0ef82dcca23a6c34ad49cd1829577e20d029d62 :: validate failed: index: 1, check: min, value: 
09/14/11 03:39:22 PM :: 208.74.177.139
/new-framework/action/customer/enrollment/select-a-season?camper-index=&season_id=3&lv2-token=e0ef82dcca23a6c34ad49cd1829577e20d029d62 : /new-framework/action/customer/enrollment/select-a-season?camper-index=&season_id=3&lv2-token=e0ef82dcca23a6c34ad49cd1829577e20d029d62 :: validate failed: index: 1, check: min, value: 
09/14/11 03:39:53 PM :: 208.74.177.139
/new-framework/action/customer/enrollment/select-a-season?camper-index=&season_id=3&lv2-token=e0ef82dcca23a6c34ad49cd1829577e20d029d62 : /new-framework/action/customer/enrollment/select-a-season?camper-index=&season_id=3&lv2-token=e0ef82dcca23a6c34ad49cd1829577e20d029d62 :: validate failed: index: 1, check: min, value: 
09/15/11 03:37:28 PM :: 208.74.177.139
/new-framework/customer/enrollment/session-information?camper-index=0 : /var/www/new-framework/data/customer/enrollment/session-information.php 14 : season has not been chosen
09/16/11 01:58:41 PM :: 208.74.177.139
/new-framework/action/customer/enrollment/session-information?camper-index=0&lv2-token=270364c93f6c7eb44c23551a7d6035dd : Please select at least one session and program.
09/16/11 03:55:16 PM :: 208.74.177.139
/new-framework/action/customer/enrollment/select-a-season?camper-index=0&season_id=3&lv2-token=58165fc626983b066295f7e32d21c8f4 : /var/www/new-framework/action/customer/enrollment/select-a-season.php 30 : unable to find season.
09/16/11 03:56:15 PM :: 208.74.177.139
/new-framework/customer/enrollment/camper-information?camper-index=0 : /var/www/new-framework/data/customer/enrollment/camper-information.php 14 : season has not been chosen
09/16/11 03:59:57 PM :: 208.74.177.139
/new-framework/customer/enrollment/camper-information?camper-index=0 : /var/www/new-framework/data/customer/enrollment/camper-information.php 14 : season has not been chosen
09/17/11 09:02:14 PM :: 107.3.151.150
/new-framework/customer/enrollment/billing-information : customer does not exist for user: 4
09/17/11 09:02:18 PM :: 107.3.151.150
/new-framework/customer/enrollment/billing-information : customer does not exist for user: 4
09/18/11 04:05:45 PM :: 107.3.151.150
/new-framework/customer/enrollment/camper-information?camper-index=0 : /new-framework/customer/enrollment/camper-information?camper-index=0 :: validate failed: index: 0, check: min, value: 
09/18/11 04:09:29 PM :: 107.3.151.150
/new-framework/customer/enrollment/select-a-season?camper-index=0 : /new-framework/customer/enrollment/select-a-season?camper-index=0 :: validate failed: index: 0, check: min, value: 
09/18/11 04:10:11 PM :: 107.3.151.150
/new-framework/customer/enrollment/select-a-season?camper-index=0 : /new-framework/customer/enrollment/select-a-season?camper-index=0 :: validate failed: index: 0, check: min, value: 
09/18/11 04:10:13 PM :: 107.3.151.150
/new-framework/customer/enrollment/select-a-season?camper-index=0 : /new-framework/customer/enrollment/select-a-season?camper-index=0 :: validate failed: index: 0, check: min, value: 
09/18/11 04:12:45 PM :: 107.3.151.150
/new-framework/customer/enrollment/camper-information?camper-index=0 : /new-framework/customer/enrollment/camper-information?camper-index=0 :: validate failed: index: 0, check: min, value: 
09/18/11 04:13:09 PM :: 107.3.151.150
/new-framework/customer/enrollment/camper-information?camper-index=0 : /new-framework/customer/enrollment/camper-information?camper-index=0 :: validate failed: index: 0, check: min, value: 
09/18/11 04:13:14 PM :: 107.3.151.150
/new-framework/customer/enrollment/camper-information?camper-index=0 : /new-framework/customer/enrollment/camper-information?camper-index=0 :: validate failed: index: 0, check: min, value: 
09/18/11 04:13:59 PM :: 107.3.151.150
/new-framework/customer/enrollment/camper-information?camper-index=0 : /new-framework/customer/enrollment/camper-information?camper-index=0 :: validate failed: index: 0, check: min, value: 
09/18/11 06:15:45 PM :: 107.3.151.150
/new-framework/action/customer/enrollment/session-information?camper_index=0&lv2-token=43c5880fb0dfcea573935007ee08b711 : /new-framework/action/customer/enrollment/session-information?camper_index=0&lv2-token=43c5880fb0dfcea573935007ee08b711 :: validate failed: index: 0, check: min, value: 
2011-10-10 16:34:32 :: 204.11.231.186
/emg/dashboard/main?t=9e4682abee4b46e43c209efb6ed9978f : Staff is empty.
2011-10-11 13:59:37 :: 204.11.231.186
/emg/dashboard/main?debug=1 : Session token does not match query token (t)
2011-10-11 21:17:24 :: 107.3.151.150
/emg/customer/main : Session token does not match query token (t)
2011-10-12 09:30:16 :: 204.11.231.186
/emg/customer/main : Session token does not match query token (t)
2011-10-13 12:49:09 :: 204.11.231.186
/emg/customer/detail?t=e9e9ab049798e60b9d1f50a989a44ca0&customer_id=1 : Validate failed: index: 0, check: min, value: , name: camper_id
2011-10-13 12:49:18 :: 204.11.231.186
/emg/customer/detail?t=e9e9ab049798e60b9d1f50a989a44ca0&customer_id=1 : Validate failed: index: 0, check: min, value: , name: camper_id
2011-10-13 12:49:43 :: 204.11.231.186
/emg/customer/detail?t=e9e9ab049798e60b9d1f50a989a44ca0&customer_id=1 : Validate failed: index: 0, check: min, value: , name: camper_id
2011-10-13 12:57:47 :: 204.11.231.186
/emg/customer/detail?t=e9e9ab049798e60b9d1f50a989a44ca0&customer_id=1 : Validate failed: index: 0, check: min, value: , name: camper_id
2011-10-13 15:43:08 :: 204.11.231.186
/emg/customer/main?t=2ae78789ed9f9b4341f5bbbda31f1009 : Session token does not match query token (t)
2011-10-13 15:47:23 :: 204.11.231.186
/emg/customer/detail?t=d55519b07b143661145f927466ec8cca610ee636&customer_id=1 : Customer is empty.
2011-10-13 18:09:25 :: 99.91.247.233
/emg/action/nologin/login : Validate failed: index: 0, check: email, value: eckxmediagroup, name: login
2011-10-13 18:09:36 :: 99.91.247.233
/emg/ : Session token does not match query token (t)
2011-10-13 18:09:46 :: 99.91.247.233
/emg/ : Session token does not match query token (t)
2011-10-13 18:10:24 :: 99.91.247.233
/emg/ : Session token does not match query token (t)
2011-10-13 18:10:48 :: 204.11.231.186
/emg/favicon.ico : Session token does not match query token (t)
2011-10-13 22:01:42 :: 107.3.151.150
/emg/favicon.ico : Session token does not match query token (t)
2011-10-13 22:01:44 :: 107.3.151.150
/emg/favicon.ico : Session token does not match query token (t)
2011-10-13 22:01:45 :: 107.3.151.150
/emg/favicon.ico : Session token does not match query token (t)
2011-10-13 22:06:04 :: 107.3.151.150
/emg/favicon.ico : Session token does not match query token (t)
2011-10-13 22:06:05 :: 107.3.151.150
/emg/favicon.ico : Session token does not match query token (t)
2011-10-13 22:06:08 :: 107.3.151.150
/emg/favicon.ico : Session token does not match query token (t)
2011-10-13 22:09:27 :: 107.3.151.150
/emg/favicon.ico : Session token does not match query token (t)
2011-10-13 22:09:27 :: 107.3.151.150
/emg/favicon.ico : Session token does not match query token (t)
2011-10-13 22:09:30 :: 107.3.151.150
/emg/favicon.ico : Session token does not match query token (t)
2011-10-13 22:38:29 :: 107.3.151.150
/emg/ : Session token does not match query token (t)
2011-10-13 22:38:30 :: 107.3.151.150
/emg/ : Session token does not match query token (t)
2011-10-13 22:38:32 :: 107.3.151.150
/emg/favicon.ico : Session token does not match query token (t)
2011-10-13 22:38:54 :: 107.3.151.150
/emg/favicon.ico : Session token does not match query token (t)
2011-10-13 22:39:11 :: 107.3.151.150
/emg/favicon.ico : Session token does not match query token (t)
2011-10-13 22:39:15 :: 107.3.151.150
/emg/favicon.ico : Session token does not match query token (t)
2011-10-13 22:39:45 :: 107.3.151.150
/emg/favicon.ico : Session token does not match query token (t)
2011-10-13 22:46:49 :: 107.3.151.150
/emg/favicon.ico : Session token does not match query token (t)
2011-10-13 22:49:53 :: 107.3.151.150
/emg/favicon.ico : Session token does not match query token (t)
2011-10-13 22:50:41 :: 107.3.151.150
/emg/favicon.ico : Session token does not match query token (t)
2011-10-13 22:56:25 :: 107.3.151.150
/emg/favicon.ico : Session token does not match query token (t)
2011-10-13 22:58:48 :: 107.3.151.150
/emg/favicon.ico : Session token does not match query token (t)
2011-10-13 22:59:32 :: 107.3.151.150
/emg/favicon.ico : Session token does not match query token (t)
2011-10-13 22:59:52 :: 107.3.151.150
/emg/favicon.ico : Session token does not match query token (t)
2011-10-13 23:01:40 :: 107.3.151.150
/emg/favicon.ico : Session token does not match query token (t)
2011-10-13 23:01:44 :: 107.3.151.150
/emg/favicon.ico : Session token does not match query token (t)
2011-10-13 23:05:18 :: 107.3.151.150
/emg/favicon.ico : Session token does not match query token (t)
2011-10-13 23:07:04 :: 107.3.151.150
/emg/favicon.ico : Session token does not match query token (t)
2011-10-14 09:49:22 :: 204.11.231.186
/emg/favicon.ico : Session token does not match query token (t)
2011-10-14 09:49:25 :: 204.11.231.186
/emg/favicon.ico : Session token does not match query token (t)
2011-10-14 09:49:27 :: 204.11.231.186
/emg/favicon.ico : Session token does not match query token (t)
2011-10-14 09:51:45 :: 204.11.231.186
/emg/favicon.ico : Session token does not match query token (t)
2011-10-14 09:52:52 :: 204.11.231.186
/emg/favicon.ico : Session token does not match query token (t)
2011-10-14 10:00:14 :: 204.11.231.186
/emg/action/customers/comments/main?t=c5f0d445bc76f52cb67f31ddecfcb2c8&customer_id=1 : Page can not be found
2011-10-14 11:14:39 :: 204.11.231.186
/emg/action/customers/comments/main?t=c5f0d445bc76f52cb67f31ddecfcb2c8&customer_id=1 : Page can not be found
2011-10-14 12:57:49 :: 204.11.231.186
/emg/favicon.ico : Session token does not match query token (t)
2011-10-14 12:58:04 :: 204.11.231.186
/emg/favicon.ico : Session token does not match query token (t)
2011-10-14 12:58:07 :: 204.11.231.186
/emg/favicon.ico : Session token does not match query token (t)
2011-10-14 12:58:08 :: 204.11.231.186
/emg/favicon.ico : Session token does not match query token (t)
2011-10-14 13:03:10 :: 204.11.231.186
/emg/favicon.ico : Session token does not match query token (t)
2011-10-14 13:03:44 :: 204.11.231.186
/emg/favicon.ico : Session token does not match query token (t)
2011-10-14 13:07:18 :: 204.11.231.186
/emg/favicon.ico : Session token does not match query token (t)
